Γ£à Test file created: D:\1 - Projects\tf-lakshya-admin\server\__test_club_email.xlsx
Header col 1: type=string raw="College" normalized="college"
Header col 2: type=string raw="Club Name" normalized="club name"
Header col 3: type=string raw="Email" normalized="email"

Detected: email=3 college=1 dept=-1 club=2

Starting from row 2:
Row 2: email="virti.p.gandhi@gmail.com" | college="Chandigarh University" | club="CU_Alexa Developers Community"
Row 3: email="aryanparvani12@gmail.com" | college="LD College of Engineering" | club="CU_Innovators Hub"

Γ£à Done. Test file cleaned up.
